// Jest Snapshot v1, https://goo.gl/fbAQLP

exports[`Welcome should render 1`] = `
<View
  style={
    Object {
      "alignItems": "center",
      "backgroundColor": "white",
      "flex": 1,
    }
  }
>
  <Image
    source={1}
    style={
      Object {
        "height": 140,
        "resizeMode": "contain",
        "width": 400,
      }
    }
  />
  <View
    style={
      Object {
        "alignSelf": "center",
        "padding": 15,
        "width": "80%",
      }
    }
  >
    <View
      style={
        Object {
          "alignItems": "center",
          "marginBottom": 30,
        }
      }
    >
      <Image
        accessibilityRole="button"
        id="add"
        source={1}
        style={
          Object {
            "height": 50,
            "marginBottom": 10,
            "width": 50,
          }
        }
      />
      <Text
        style={
          Array [
            Object {
              "color": "#000",
              "fontFamily": "System",
              "fontSize": 16,
            },
            Object {
              "width": "80%",
            },
          ]
        }
      >
        <Text
          style={
            Array [
              Object {
                "color": "#000",
                "fontFamily": "System",
                "fontSize": 16,
              },
              Object {
                "color": "#2cb833",
                "flex": 1,
                "fontFamily": "quicksand-bold",
                "fontSize": 18,
                "marginBottom": 2.5,
                "textAlign": "center",
              },
            ]
          }
        >
          Browse 
        </Text>
        <Text
          style={
            Array [
              Object {
                "color": "#000",
                "fontFamily": "System",
                "fontSize": 16,
              },
              Object {
                "fontFamily": "quicksand",
                "fontSize": 18,
              },
            ]
          }
        >
          and buy items to get cool stuff while supporting a good cause
        </Text>
      </Text>
    </View>
    <View
      style={
        Object {
          "alignItems": "center",
        }
      }
    >
      <Image
        accessibilityRole="button"
        id="add"
        source={1}
        style={
          Object {
            "height": 50,
            "marginBottom": 10,
            "width": 50,
          }
        }
      />
      <Text
        style={
          Array [
            Object {
              "color": "#000",
              "fontFamily": "System",
              "fontSize": 16,
            },
            Object {
              "width": "80%",
            },
          ]
        }
      >
        <Text
          style={
            Array [
              Object {
                "color": "#000",
                "fontFamily": "System",
                "fontSize": 16,
              },
              Object {
                "color": "#2cb833",
                "flex": 1,
                "fontFamily": "quicksand-bold",
                "fontSize": 18,
                "marginBottom": 2.5,
                "textAlign": "center",
              },
            ]
          }
        >
          Post 
        </Text>
        <Text
          style={
            Array [
              Object {
                "color": "#000",
                "fontFamily": "System",
                "fontSize": 16,
              },
              Object {
                "fontFamily": "quicksand",
                "fontSize": 18,
              },
            ]
          }
        >
          items for sale to donate proceeds to your favorite charities
        </Text>
      </Text>
    </View>
  </View>
  <Text
    style={
      Array [
        Object {
          "color": "#000",
          "fontFamily": "System",
          "fontSize": 16,
        },
        Object {
          "fontFamily": "quicksand",
          "fontSize": 18,
          "marginTop": 10,
          "textAlign": "center",
        },
      ]
    }
  >
    Together we can make 
    <Text
      style={
        Array [
          Object {
            "color": "#000",
            "fontFamily": "System",
            "fontSize": 16,
          },
          Object {
            "color": "#2cb833",
            "flex": 1,
            "fontFamily": "quicksand-bold",
            "fontSize": 18,
            "marginBottom": 2.5,
            "textAlign": "center",
          },
        ]
      }
    >
      A.change
    </Text>
    !
  </Text>
  <View
    style={
      Object {
        "bottom": 50,
        "flexDirection": "row",
        "justifyContent": "space-between",
        "position": "absolute",
        "width": "95%",
      }
    }
  >
    <Text
      style={
        Array [
          Object {
            "color": "#000",
            "fontFamily": "System",
            "fontSize": 16,
          },
          Object {
            "color": "#2cb833",
            "flex": 1,
            "fontFamily": "quicksand-bold",
            "fontSize": 18,
            "marginBottom": 2.5,
            "textAlign": "center",
          },
        ]
      }
    >
      Browse
    </Text>
    <Text
      style={
        Array [
          Object {
            "color": "#000",
            "fontFamily": "System",
            "fontSize": 16,
          },
          Object {
            "color": "#2cb833",
            "flex": 1,
            "fontFamily": "quicksand-bold",
            "fontSize": 18,
            "marginBottom": 2.5,
            "textAlign": "center",
          },
        ]
      }
    >
      Post
    </Text>
    <Text
      style={
        Array [
          Object {
            "color": "#000",
            "fontFamily": "System",
            "fontSize": 16,
          },
          Object {
            "color": "#2cb833",
            "flex": 1,
            "fontFamily": "quicksand-bold",
            "fontSize": 18,
            "marginBottom": 2.5,
            "textAlign": "center",
          },
        ]
      }
    >
      Home
    </Text>
  </View>
  <View
    style={
      Object {
        "backgroundColor": "#2cb833",
        "borderTopColor": "#dddddd",
        "borderTopWidth": 1,
        "bottom": "0%",
        "display": "flex",
        "flexDirection": "row",
        "height": "8%",
        "justifyContent": "space-around",
        "padding": 8,
        "position": "absolute",
        "width": "100%",
      }
    }
  >
    <RNGestureHandlerButton
      collapsable={false}
      onGestureEvent={[Function]}
      onGestureHandlerEvent={[Function]}
      onGestureHandlerStateChange={[Function]}
      onHandlerStateChange={[Function]}
      rippleColor={0}
      style={
        Array [
          Object {
            "overflow": "hidden",
          },
          undefined,
        ]
      }
    >
      <View
        accessible={true}
      >
        <Image
          accessibilityRole="button"
          id="search"
          source={1}
          style={
            Object {
              "height": 30,
              "width": 30,
            }
          }
        />
      </View>
    </RNGestureHandlerButton>
    <RNGestureHandlerButton
      collapsable={false}
      onGestureEvent={[Function]}
      onGestureHandlerEvent={[Function]}
      onGestureHandlerStateChange={[Function]}
      onHandlerStateChange={[Function]}
      rippleColor={0}
      style={
        Array [
          Object {
            "overflow": "hidden",
          },
          undefined,
        ]
      }
    >
      <View
        accessible={true}
      >
        <Image
          accessibilityRole="button"
          id="add"
          source={1}
          style={
            Object {
              "height": 30,
              "width": 30,
            }
          }
        />
      </View>
    </RNGestureHandlerButton>
    <RNGestureHandlerButton
      collapsable={false}
      onGestureEvent={[Function]}
      onGestureHandlerEvent={[Function]}
      onGestureHandlerStateChange={[Function]}
      onHandlerStateChange={[Function]}
      rippleColor={0}
      style={
        Array [
          Object {
            "overflow": "hidden",
          },
          undefined,
        ]
      }
    >
      <View
        accessible={true}
      >
        <Image
          accessibilityRole="button"
          id="home"
          source={1}
          style={
            Object {
              "height": 30,
              "width": 30,
            }
          }
        />
      </View>
    </RNGestureHandlerButton>
  </View>
</View>
`;
